{"GET:/todos/2":[{"status":"200 OK","headers":{"cf-ray":"82fc303638d599c3-CDG","reporting-endpoints":"heroku-nel=https://nel.heroku.com/reports?ts=1701164082&sid=e11707d5-02a7-43ef-b45e-2cf4d2036f7d&s=kaJd68BhevWLDPqIB7uLJ5e9%2Bkfg%2B97tEoTBl3lRHPM%3D","x-powered-by":"Express","content-length":"99","report-to":"{\"group\":\"heroku-nel\",\"max_age\":3600,\"endpoints\":[{\"url\":\"https://nel.heroku.com/reports?ts=1701164082&sid=e11707d5-02a7-43ef-b45e-2cf4d2036f7d&s=kaJd68BhevWLDPqIB7uLJ5e9%2Bkfg%2B97tEoTBl3lRHPM%3D\"}]}","age":"8329","date":"Sun, 03 Dec 2023 13:34:39 GMT","nel":"{\"report_to\":\"heroku-nel\",\"max_age\":3600,\"success_fraction\":0.005,\"failure_fraction\":0.05,\"response_headers\":[\"Via\"]}","cf-cache-status":"HIT","content-type":"application/json; charset=utf-8","x-ratelimit-limit":"1000","x-ratelimit-remaining":"999","x-ratelimit-reset":"1701164084","cache-control":"max-age=43200","vary":"Origin, Accept-Encoding","alt-svc":"h3=\":443\"; ma=86400","accept-ranges":"bytes","expires":"-1","x-content-type-options":"nosniff","etag":"W/\"63-+s0zIP5ZEQN9hypVJUneLybJ+L0\"","via":"1.1 vegur","access-control-allow-credentials":"true","pragma":"no-cache","server":"cloudflare"},"body":"{\n  \"userId\": 1,\n  \"id\": 2,\n  \"title\": \"quis ut nam facilis et officia qui\",\n  \"completed\": false\n}"}],"GET:/todos/1":[{"status":"200 OK","headers":{"x-ratelimit-limit":"1000","date":"Sun, 03 Dec 2023 13:34:39 GMT","x-ratelimit-reset":"1701402118","cf-cache-status":"HIT","content-type":"application/json; charset=utf-8","accept-ranges":"bytes","cf-ray":"82fc3035e87f99c3-CDG","age":"6700","server":"cloudflare","vary":"Origin, Accept-Encoding","report-to":"{\"group\":\"heroku-nel\",\"max_age\":3600,\"endpoints\":[{\"url\":\"https://nel.heroku.com/reports?ts=1701402077&sid=e11707d5-02a7-43ef-b45e-2cf4d2036f7d&s=%2Bty9gsDOVQDhAUh4TkXYWuZxOj6AvXIT1AUVyMj6hbQ%3D\"}]}","cache-control":"max-age=43200","nel":"{\"report_to\":\"heroku-nel\",\"max_age\":3600,\"success_fraction\":0.005,\"failure_fraction\":0.05,\"response_headers\":[\"Via\"]}","x-ratelimit-remaining":"999","expires":"-1","etag":"W/\"53-hfEnumeNh6YirfjyjaujcOPPT+s\"","access-control-allow-credentials":"true","alt-svc":"h3=\":443\"; ma=86400","reporting-endpoints":"heroku-nel=https://nel.heroku.com/reports?ts=1701402077&sid=e11707d5-02a7-43ef-b45e-2cf4d2036f7d&s=%2Bty9gsDOVQDhAUh4TkXYWuZxOj6AvXIT1AUVyMj6hbQ%3D","content-length":"83","pragma":"no-cache","x-content-type-options":"nosniff","via":"1.1 vegur","x-powered-by":"Express"},"body":"{\n  \"userId\": 1,\n  \"id\": 1,\n  \"title\": \"delectus aut autem\",\n  \"completed\": false\n}"},{"status":"200 OK","headers":{"content-length":"83","cache-control":"max-age=43200","reporting-endpoints":"heroku-nel=https://nel.heroku.com/reports?ts=1701402077&sid=e11707d5-02a7-43ef-b45e-2cf4d2036f7d&s=%2Bty9gsDOVQDhAUh4TkXYWuZxOj6AvXIT1AUVyMj6hbQ%3D","expires":"-1","x-ratelimit-reset":"1701402118","access-control-allow-credentials":"true","pragma":"no-cache","via":"1.1 vegur","x-powered-by":"Express","accept-ranges":"bytes","nel":"{\"report_to\":\"heroku-nel\",\"max_age\":3600,\"success_fraction\":0.005,\"failure_fraction\":0.05,\"response_headers\":[\"Via\"]}","alt-svc":"h3=\":443\"; ma=86400","server":"cloudflare","cf-cache-status":"HIT","x-ratelimit-limit":"1000","vary":"Origin, Accept-Encoding","etag":"W/\"53-hfEnumeNh6YirfjyjaujcOPPT+s\"","content-type":"application/json; charset=utf-8","age":"6700","cf-ray":"82fc303618aa99c3-CDG","x-content-type-options":"nosniff","report-to":"{\"group\":\"heroku-nel\",\"max_age\":3600,\"endpoints\":[{\"url\":\"https://nel.heroku.com/reports?ts=1701402077&sid=e11707d5-02a7-43ef-b45e-2cf4d2036f7d&s=%2Bty9gsDOVQDhAUh4TkXYWuZxOj6AvXIT1AUVyMj6hbQ%3D\"}]}","date":"Sun, 03 Dec 2023 13:34:39 GMT","x-ratelimit-remaining":"999"},"body":"{\n  \"userId\": 1,\n  \"id\": 1,\n  \"title\": \"delectus aut autem\",\n  \"completed\": false\n}"}]}
